Archive member included to satisfy reference by file (symbol)

/usr/lib/gcc/arm-none-eabi/4.9.3/../../../arm-none-eabi/lib/armv6-m/libc_nano.a(lib_a-atexit.o)
                              /usr/lib/gcc/arm-none-eabi/4.9.3/../../../arm-none-eabi/lib/armv6-m/crt0.o (atexit)
/usr/lib/gcc/arm-none-eabi/4.9.3/../../../arm-none-eabi/lib/armv6-m/libc_nano.a(lib_a-exit.o)
                              /usr/lib/gcc/arm-none-eabi/4.9.3/../../../arm-none-eabi/lib/armv6-m/crt0.o (exit)
/usr/lib/gcc/arm-none-eabi/4.9.3/../../../arm-none-eabi/lib/armv6-m/libc_nano.a(lib_a-fini.o)
                              /usr/lib/gcc/arm-none-eabi/4.9.3/../../../arm-none-eabi/lib/armv6-m/crt0.o (__libc_fini_array)
/usr/lib/gcc/arm-none-eabi/4.9.3/../../../arm-none-eabi/lib/armv6-m/libc_nano.a(lib_a-impure.o)
                              /usr/lib/gcc/arm-none-eabi/4.9.3/../../../arm-none-eabi/lib/armv6-m/libc_nano.a(lib_a-exit.o) (_global_impure_ptr)
/usr/lib/gcc/arm-none-eabi/4.9.3/../../../arm-none-eabi/lib/armv6-m/libc_nano.a(lib_a-init.o)
                              /usr/lib/gcc/arm-none-eabi/4.9.3/../../../arm-none-eabi/lib/armv6-m/crt0.o (__libc_init_array)
/usr/lib/gcc/arm-none-eabi/4.9.3/../../../arm-none-eabi/lib/armv6-m/libc_nano.a(lib_a-memset.o)
                              /usr/lib/gcc/arm-none-eabi/4.9.3/../../../arm-none-eabi/lib/armv6-m/crt0.o (memset)
/usr/lib/gcc/arm-none-eabi/4.9.3/../../../arm-none-eabi/lib/armv6-m/libc_nano.a(lib_a-__atexit.o)
                              /usr/lib/gcc/arm-none-eabi/4.9.3/../../../arm-none-eabi/lib/armv6-m/libc_nano.a(lib_a-atexit.o) (__register_exitproc)
/usr/lib/gcc/arm-none-eabi/4.9.3/../../../arm-none-eabi/lib/armv6-m/libc_nano.a(lib_a-__call_atexit.o)
                              /usr/lib/gcc/arm-none-eabi/4.9.3/../../../arm-none-eabi/lib/armv6-m/libc_nano.a(lib_a-__atexit.o) (__call_exitprocs)
/usr/lib/gcc/arm-none-eabi/4.9.3/../../../arm-none-eabi/lib/armv6-m/libnosys.a(_exit.o)
                              /usr/lib/gcc/arm-none-eabi/4.9.3/../../../arm-none-eabi/lib/armv6-m/libc_nano.a(lib_a-exit.o) (_exit)
/home/joshuabroekhuijsen/Desktop/NRFSDK11/components/properitary_rf/gzll/gcc/gzll_gcc.a(nrf_gzll.o)
                              _build/main.o (nrf_gzll_enable)
/home/joshuabroekhuijsen/Desktop/NRFSDK11/components/properitary_rf/gzll/gcc/gzll_gcc.a(nrf_impala.o)
                              /home/joshuabroekhuijsen/Desktop/NRFSDK11/components/properitary_rf/gzll/gcc/gzll_gcc.a(nrf_gzll.o) (nrf_impl_disable)
/home/joshuabroekhuijsen/Desktop/NRFSDK11/components/properitary_rf/gzll/gcc/gzll_gcc.a(nrf_link_core.o)
                              /home/joshuabroekhuijsen/Desktop/NRFSDK11/components/properitary_rf/gzll/gcc/gzll_gcc.a(nrf_impala.o) (nrf_lcore_start_operation)
/home/joshuabroekhuijsen/Desktop/NRFSDK11/components/properitary_rf/gzll/gcc/gzll_gcc.a(nrf_notification_manager.o)
                              /home/joshuabroekhuijsen/Desktop/NRFSDK11/components/properitary_rf/gzll/gcc/gzll_gcc.a(nrf_impala.o) (nrf_nm_init)
/home/joshuabroekhuijsen/Desktop/NRFSDK11/components/properitary_rf/gzll/gcc/gzll_gcc.a(nrf_packet_manager.o)
                              /home/joshuabroekhuijsen/Desktop/NRFSDK11/components/properitary_rf/gzll/gcc/gzll_gcc.a(nrf_impala.o) (nrf_pm_init)
/home/joshuabroekhuijsen/Desktop/NRFSDK11/components/properitary_rf/gzll/gcc/gzll_gcc.a(nrf_state_machine.o)
                              /home/joshuabroekhuijsen/Desktop/NRFSDK11/components/properitary_rf/gzll/gcc/gzll_gcc.a(nrf_impala.o) (nrf_sm_init)
/home/joshuabroekhuijsen/Desktop/NRFSDK11/components/properitary_rf/gzll/gcc/gzll_gcc.a(nrf_assert_internal.o)
                              /home/joshuabroekhuijsen/Desktop/NRFSDK11/components/properitary_rf/gzll/gcc/gzll_gcc.a(nrf_gzll.o) (NRF_ASSERT_INTERNAL_parse_and_forward)
/home/joshuabroekhuijsen/Desktop/NRFSDK11/components/properitary_rf/gzll/gcc/gzll_gcc.a(nrf_channel_manager.o)
                              /home/joshuabroekhuijsen/Desktop/NRFSDK11/components/properitary_rf/gzll/gcc/gzll_gcc.a(nrf_impala.o) (nrf_chm_init)
/home/joshuabroekhuijsen/Desktop/NRFSDK11/components/properitary_rf/gzll/gcc/gzll_gcc.a(nrf_fifo.o)
                              /home/joshuabroekhuijsen/Desktop/NRFSDK11/components/properitary_rf/gzll/gcc/gzll_gcc.a(nrf_packet_manager.o) (nrf_fifo_init)
/home/joshuabroekhuijsen/Desktop/NRFSDK11/components/properitary_rf/gzll/gcc/gzll_gcc.a(nrf_flywheel.o)
                              /home/joshuabroekhuijsen/Desktop/NRFSDK11/components/properitary_rf/gzll/gcc/gzll_gcc.a(nrf_impala.o) (nrf_flw_init)
/usr/lib/gcc/arm-none-eabi/4.9.3/armv6-m/libgcc.a(_thumb1_case_uqi.o)
                              /home/joshuabroekhuijsen/Desktop/NRFSDK11/components/properitary_rf/gzll/gcc/gzll_gcc.a(nrf_gzll.o) (__gnu_thumb1_case_uqi)
/usr/lib/gcc/arm-none-eabi/4.9.3/armv6-m/libgcc.a(_udivsi3.o)
[...]
Memory Configuration

Name             Origin             Length             Attributes
FLASH            0x0000000000000000 0x0000000000040000 xr
RAM              0x0000000020000000 0x0000000000004000 xrw
*default*        0x0000000000000000 0xffffffffffffffff

Linker script and memory map


.text           0x0000000000000000     0x4e94
 *(.isr_vector)
 .isr_vector    0x0000000000000000       0xc0 _build/gcc_startup_nrf51.o
                0x0000000000000000                __isr_vector
 *(.text*)
 .text          0x00000000000000c0       0xb4 /usr/lib/gcc/arm-none-eabi/4.9.3/armv6-m/crtbegin.o
 .text          0x0000000000000174       0x6c /usr/lib/gcc/arm-none-eabi/4.9.3/../../../arm-none-eabi/lib/armv6-m/crt0.o
                0x0000000000000174                _mainCRTStartup
                0x0000000000000174                _start
 .text.atexit   0x00000000000001e0       0x10 /usr/lib/gcc/arm-none-eabi/4.9.3/../../../arm-none-eabi/lib/armv6-m/libc_nano.a(lib_a-atexit.o)
                0x00000000000001e0                atexit
 .text.exit     0x00000000000001f0       0x2c /usr/lib/gcc/arm-none-eabi/4.9.3/../../../arm-none-eabi/lib/armv6-m/libc_nano.a(lib_a-exit.o)
                0x00000000000001f0                exit
 .text.__libc_fini_array
                0x000000000000021c       0x28 /usr/lib/gcc/arm-none-eabi/4.9.3/../../../arm-none-eabi/lib/armv6-m/libc_nano.a(lib_a-fini.o)
                0x000000000000021c                __libc_fini_array
 .text.__libc_init_array
                0x0000000000000244       0x4c /usr/lib/gcc/arm-none-eabi/4.9.3/../../../arm-none-eabi/lib/armv6-m/libc_nano.a(lib_a-init.o)
                0x0000000000000244                __libc_init_array
 .text.memset   0x0000000000000290       0x10 /usr/lib/gcc/arm-none-eabi/4.9.3/../../../arm-none-eabi/lib/armv6-m/libc_nano.a(lib_a-memset.o)
                0x0000000000000290                memset
 .text.__register_exitproc
                0x00000000000002a0       0xb8 /usr/lib/gcc/arm-none-eabi/4.9.3/../../../arm-none-eabi/lib/armv6-m/libc_nano.a(lib_a-__atexit.o)
                0x00000000000002a0                __register_exitproc
 .text.__call_exitprocs
                0x0000000000000358       0xe8 /usr/lib/gcc/arm-none-eabi/4.9.3/../../../arm-none-eabi/lib/armv6-m/libc_nano.a(lib_a-__call_atexit.o)
                0x0000000000000358                __call_exitprocs
 .text._exit    0x0000000000000440        0x4 /usr/lib/gcc/arm-none-eabi/4.9.3/../../../arm-none-eabi/lib/armv6-m/libnosys.a(_exit.o)
                0x0000000000000440                _exit
 .text.SystemInit
                0x0000000000000444       0xec _build/system_nrf51.o
                0x0000000000000444                SystemInit
 .text.wait     0x0000000000000530       0x20 _build/main.o
 .text.send_data
                0x0000000000000550      0x1fc _build/main.o
 .text.setRegister.constprop.5
                0x000000000000074c      0x1f4 _build/main.o
 .text.getRegister
                0x0000000000000940      0x260 _build/main.o
 .text.checkMouseMovement
                0x0000000000000ba0       0xf8 _build/main.o
 .text.handler_maintenance
                0x0000000000000c98       0xe4 _build/main.o
 .text.handler_debounce
                0x0000000000000d7c      0x360 _build/main.o
 .text.startup.main
                0x00000000000010dc      0x2b8 _build/main.o
                0x00000000000010dc                main
 .text.GPIOTE_IRQHandler
                0x0000000000001394       0x38 _build/main.o
                0x0000000000001394                GPIOTE_IRQHandler
 .text.nrf_gzll_device_tx_success
                0x00000000000013cc       0x20 _build/main.o
                0x00000000000013cc                nrf_gzll_device_tx_success
 .text.nrf_gzll_device_tx_failed
                0x00000000000013ec       0x10 _build/main.o
                0x00000000000013ec                nrf_gzll_device_tx_failed
 .text.nrf_gzll_host_rx_data_ready
                0x00000000000013fc        0x8 _build/main.o
                0x00000000000013fc                nrf_gzll_host_rx_data_ready
 .text.nrf_gzll_disabled
                0x0000000000001404        0x4 _build/main.o
                0x0000000000001404                nrf_gzll_disabled
 .text.nrf_drv_clock_init
                0x0000000000001408       0x3c _build/nrf_drv_clock.o
                0x0000000000001408                nrf_drv_clock_init
 .text.nrf_drv_clock_lfclk_request
                0x0000000000001444       0x60 _build/nrf_drv_clock.o
                0x0000000000001444                nrf_drv_clock_lfclk_request
 .text.POWER_CLOCK_IRQHandler
                0x00000000000014a4       0x78 _build/nrf_drv_clock.o
                0x00000000000014a4                POWER_CLOCK_IRQHandler
 .text.app_util_critical_region_enter
                0x000000000000151c       0x10 _build/app_util_platform.o
                0x000000000000151c                app_util_critical_region_enter
 .text.app_util_critical_region_exit
                0x000000000000152c       0x14 _build/app_util_platform.o
                0x000000000000152c                app_util_critical_region_exit
 .text.nrf_drv_common_irq_enable
                0x0000000000001540       0x80 _build/nrf_drv_common.o
                0x0000000000001540                nrf_drv_common_irq_enable
 .text.nrf_drv_rtc_init
                0x00000000000015c0       0x6c _build/nrf_drv_rtc.o
                0x00000000000015c0                nrf_drv_rtc_init
 .text.nrf_drv_rtc_enable
                0x000000000000162c       0x18 _build/nrf_drv_rtc.o
                0x000000000000162c                nrf_drv_rtc_enable
 .text.nrf_drv_rtc_disable
                0x0000000000001644       0x18 _build/nrf_drv_rtc.o
                0x0000000000001644                nrf_drv_rtc_disable
 .text.nrf_drv_rtc_tick_enable
                0x000000000000165c       0x24 _build/nrf_drv_rtc.o
                0x000000000000165c                nrf_drv_rtc_tick_enable
 .text.RTC0_IRQHandler
                0x0000000000001680      0x124 _build/nrf_drv_rtc.o
                0x0000000000001680                RTC0_IRQHandler
 .text.RTC1_IRQHandler
                0x00000000000017a4      0x124 _build/nrf_drv_rtc.o
                0x00000000000017a4                RTC1_IRQHandler
 .text.twi_transfer
                0x00000000000018c8      0x110 _build/nrf_drv_twi.o
 .text.SPI1_TWI1_IRQHandler
                0x00000000000019d8      0x364 _build/nrf_drv_twi.o
                0x00000000000019d8                SPI1_TWI1_IRQHandler
 .text          0x0000000000001d3c       0x4c _build/gcc_startup_nrf51.o
                0x0000000000001d3c                Reset_Handler
                0x0000000000001d7c                NMI_Handler
                0x0000000000001d7e                HardFault_Handler
                0x0000000000001d80                SVC_Handler
                0x0000000000001d82                PendSV_Handler
                0x0000000000001d84                SysTick_Handler
                0x0000000000001d86                SPI0_TWI0_IRQHandler
                0x0000000000001d86                LPCOMP_IRQHandler
                0x0000000000001d86                SWI4_IRQHandler
                0x0000000000001d86                TEMP_IRQHandler
                0x0000000000001d86                QDEC_IRQHandler
                0x0000000000001d86                UART0_IRQHandler
                0x0000000000001d86                SWI5_IRQHandler
                0x0000000000001d86                TIMER0_IRQHandler
                0x0000000000001d86                TIMER1_IRQHandler
                0x0000000000001d86                ECB_IRQHandler
                0x0000000000001d86                Default_Handler
                0x0000000000001d86                ADC_IRQHandler
                0x0000000000001d86                SWI3_IRQHandler
                0x0000000000001d86                CCM_AAR_IRQHandler
                0x0000000000001d86                WDT_IRQHandler
                0x0000000000001d86                SWI2_IRQHandler
                0x0000000000001d86                RNG_IRQHandler
                0x0000000000001d86                SWI1_IRQHandler
 .text          0x0000000000001d88      0x864 /home/joshuabroekhuijsen/Desktop/NRFSDK11/components/properitary_rf/gzll/gcc/gzll_gcc.a(nrf_gzll.o)
                0x0000000000001d88                nrf_gzll_enable
                0x0000000000001dac                nrf_gzll_is_enabled
                0x0000000000001db8                nrf_gzll_disable
                0x0000000000001dce                nrf_gzll_add_packet_to_tx_fifo
                0x0000000000001e54                nrf_gzll_fetch_packet_from_rx_fifo
                0x0000000000001ec4                nrf_gzll_get_tx_fifo_packet_count
                0x0000000000001ee0                nrf_gzll_get_rx_fifo_packet_count
                0x0000000000001efc                nrf_gzll_get_total_allocated_packet_count
                0x0000000000001f08                nrf_gzll_ok_to_add_packet_to_tx_fifo
                0x0000000000001f44                nrf_gzll_flush_tx_fifo
                0x0000000000001f78                nrf_gzll_flush_rx_fifo
                0x0000000000001f98                nrf_gzll_set_mode
                0x0000000000001fc8                nrf_gzll_get_mode
                0x0000000000001ff4                nrf_gzll_set_channel_table
                0x0000000000002050                nrf_gzll_get_channel_table
                0x000000000000208c                nrf_gzll_get_channel_table_size
                0x0000000000002098                nrf_gzll_set_base_address_0
                0x00000000000020c0                nrf_gzll_get_base_address_0
                0x00000000000020c8                nrf_gzll_set_base_address_1
                0x00000000000020f0                nrf_gzll_get_base_address_1
                0x00000000000020f8                nrf_gzll_set_address_prefix_byte
                0x000000000000212c                nrf_gzll_get_address_prefix_byte
                0x0000000000002154                nrf_gzll_set_rx_pipes_enabled
                0x000000000000217c                nrf_gzll_get_rx_pipes_enabled
                0x0000000000002184                nrf_gzll_set_datarate
                0x00000000000021c8                nrf_gzll_get_datarate
                0x00000000000021e0                nrf_gzll_set_tx_power
                0x0000000000002238                nrf_gzll_get_tx_power
                0x0000000000002276                nrf_gzll_set_timeslot_period
                0x000000000000229c                nrf_gzll_get_timeslot_period
                0x00000000000022a4                nrf_gzll_set_sync_lifetime
                0x00000000000022cc                nrf_gzll_get_sync_lifetime
                0x00000000000022d4                nrf_gzll_set_timeslots_per_channel_when_device_out_of_sync
                0x00000000000022fc                nrf_gzll_get_timeslots_per_channel_when_device_out_of_sync
                0x0000000000002304                nrf_gzll_set_timeslots_per_channel
                0x000000000000232c                nrf_gzll_get_timeslots_per_channel
                0x0000000000002334                nrf_gzll_set_max_tx_attempts
                0x000000000000235c                nrf_gzll_get_max_tx_attempts
                0x0000000000002364                nrf_gzll_set_device_channel_selection_policy
                0x000000000000239c                nrf_gzll_get_device_channel_selection_policy
                0x00000000000023aa                nrf_gzll_set_xosc_ctl
                0x00000000000023e0                nrf_gzll_init
                0x000000000000246c                nrf_gzll_get_xosc_ctl
                0x000000000000247a                nrf_gzll_clear_tick_count
                0x0000000000002488                nrf_gzll_get_tick_count
                0x0000000000002494                nrf_gzll_set_auto_disable
                0x00000000000024ac                nrf_gzll_get_error_code
                0x00000000000024b8                nrf_gzll_reset_error_code
                0x00000000000024c4                nrf_gzll_get_internal_debug_code
                0x00000000000024d0                nrf_gzll_reset_internal_debug_code
                0x00000000000024dc                nrf_gzll_mode_changed
                0x00000000000024de                notification_cb
                0x00000000000025d8                nrf_assert_internal_callback
 .text          0x00000000000025ec     0x119c /home/joshuabroekhuijsen/Desktop/NRFSDK11/components/properitary_rf/gzll/gcc/gzll_gcc.a(nrf_impala.o)
                0x00000000000029b4                nrf_gpio_debug_pin_write
                0x00000000000029b6                nrf_impl_disable
                0x00000000000029e0                nrf_impl_is_disabled
                0x00000000000029f0                nrf_impl_get_mode
                0x00000000000029fc                nrf_impl_reserve_packet
                0x0000000000002a10                nrf_impl_free_packet
                0x0000000000002a24                nrf_impl_put_tx_fifo
                0x0000000000002a5c                nrf_impl_pop_rx_fifo
                0x0000000000002a70                nrf_impl_read_rx_fifo
                0x0000000000002a78                nrf_impl_read_tx_fifo
                0x0000000000002a8c                nrf_impl_get_tx_fifo_status
                0x0000000000002a94                nrf_impl_get_rx_fifo_status
                0x0000000000002a9c                nrf_impl_get_available_fifo_packets
                0x0000000000002aa4                nrf_impl_flush_tx_fifo
                0x0000000000002ad8                nrf_impl_flush_rx_fifo
                0x0000000000002aec                nrf_impl_set_pipe_0_base_address
                0x0000000000002b0c                nrf_impl_get_pipe_0_base_address
                0x0000000000002b18                nrf_impl_set_pipes_1_to_7_base_address
                0x0000000000002b34                nrf_impl_get_pipes_1_to_7_base_address
                0x0000000000002b40                nrf_impl_set_prefix_byte
                0x0000000000002b98                nrf_impl_get_prefix_byte
                0x0000000000002bb8                nrf_impl_set_channel_table
                0x0000000000002bec                nrf_impl_set_sync_lifetime
                0x0000000000002bf8                nrf_impl_get_sync_lifetime
                0x0000000000002c04                nrf_impl_set_base_address_length
                0x0000000000002c2c                nrf_impl_get_base_address_length
                0x0000000000002c38                nrf_impl_set_rx_pipes_enabled
                0x0000000000002c44                nrf_impl_get_rx_pipes_enabled
                0x0000000000002c50                nrf_impl_set_timeslot_period
                0x0000000000002c5c                nrf_impl_get_timeslot_period
                0x0000000000002c68                nrf_impl_set_timeslots_per_channel_when_in_sync
                0x0000000000002c78                nrf_impl_get_timeslots_per_channel_when_in_sync
                0x0000000000002c84                nrf_impl_set_timeslots_per_channel_when_out_of_sync
                0x0000000000002c94                nrf_impl_get_timeslots_per_channel_when_out_of_sync
                0x0000000000002ca0                nrf_impl_set_max_allowed_tx_attempts
                0x0000000000002cac                nrf_impl_get_max_allowed_tx_attempts
                0x0000000000002cb8                nrf_impl_set_tx_power
                0x0000000000002cd4                nrf_impl_get_tx_power
                0x0000000000002ce0                nrf_impl_set_crc_length
                0x0000000000002d68                nrf_impl_get_crc_length
                0x0000000000002d74                nrf_impl_set_datarate
                0x0000000000003000                nrf_impl_set_mode
                0x0000000000003030                nrf_impl_enable
                0x0000000000003090                nrf_impl_init
                0x0000000000003214                nrf_impl_get_datarate
                0x0000000000003220                nrf_impl_enable_rssi
                0x0000000000003244                nrf_impl_set_channel_selection_policy
                0x0000000000003250                nrf_impl_get_channel_selection_policy
                0x000000000000325c                nrf_impl_set_idle_activity_config
                0x0000000000003268                nrf_impl_get_idle_activity_config
                0x0000000000003274                nrf_impl_set_xosc_ctl
                0x0000000000003280                nrf_impl_get_xosc_ctl
                0x000000000000328c                nrf_impl_set_dyn_ack_enable
                0x0000000000003294                nrf_impl_state_fun_device_send_packet
                0x00000000000032d8                async_state_rx_active
                0x000000000000330c                async_state_rx_enabling
                0x0000000000003394                async_state_tx_ack_complete
                0x00000000000033a8                async_state_packet_received
                0x0000000000003548                nrf_impl_state_fun_timeslot_start
 .text          0x0000000000003788      0x600 /home/joshuabroekhuijsen/Desktop/NRFSDK11/components/properitary_rf/gzll/gcc/gzll_gcc.a(nrf_link_core.o)
                0x000000000000395c                nrf_lcore_start_operation
                0x0000000000003a04                nrf_lcore_rx_address_match
                0x0000000000003a14                nrf_lcore_force_disable
                0x0000000000003a84                nrf_lcore_init
                0x0000000000003adc                RADIO_IRQHandler
                0x0000000000003c84                TESTONLY_current_state_is_legal
                0x0000000000003ca8                nrf_lcore_prepare_operation
                0x0000000000003d84                print_lc_debug_info
 .text          0x0000000000003d88      0x108 /home/joshuabroekhuijsen/Desktop/NRFSDK11/components/properitary_rf/gzll/gcc/gzll_gcc.a(nrf_notification_manager.o)
                0x0000000000003d88                nrf_nm_init
                0x0000000000003dbc                nrf_nm_add
                0x0000000000003e20                nrf_nm_get_remaining_space_in_notification_queue
                0x0000000000003e34                SWI0_IRQHandler
 .text          0x0000000000003e90      0x4d4 /home/joshuabroekhuijsen/Desktop/NRFSDK11/components/properitary_rf/gzll/gcc/gzll_gcc.a(nrf_packet_manager.o)
                0x0000000000003ec4                nrf_pm_init
                0x0000000000003f20                nrf_pm_get_ack_payload_pending
                0x0000000000003f2c                nrf_pm_there_is_ptx_packet_to_be_serviced
                0x0000000000003f38                nrf_pm_get_current_ptx_pipe
                0x0000000000003f44                nrf_pm_get_current_ptx_packet
                0x0000000000003f50                nrf_pm_get_current_ptx_ack_ptr
                0x0000000000003f5c                nrf_pm_start_prx
                0x0000000000003fa8                nrf_pm_search_for_ptx_pipe_to_service
                0x0000000000004028                nrf_pm_end_prx
                0x0000000000004160                nrf_pm_end_ptx
                0x00000000000041f8                nrf_pm_get_state
                0x0000000000004204                nrf_pm_put_tx_fifo
                0x000000000000422a                nrf_pm_read_tx_fifo
                0x0000000000004232                nrf_pm_flush_tx_fifo
                0x0000000000004242                nrf_pm_get_tx_fifo_status
                0x000000000000424a                nrf_pm_read_rx_fifo
                0x0000000000004254                nrf_pm_pop_rx_fifo
                0x000000000000425e                nrf_pm_flush_rx_fifo
                0x0000000000004268                nrf_pm_get_rx_fifo_status
                0x0000000000004272                nrf_pm_start_ptx
                0x0000000000004330                nrf_pm_reserve_packet
                0x0000000000004338                nrf_pm_free_packet
                0x0000000000004340                nrf_pm_get_available_fifo_packets
                0x0000000000004348                nrf_pm_set_dyn_ack_status
                0x0000000000004354                nrf_pm_get_dyn_ack_status
                0x0000000000004360                pm_tx_pipe_to_nrf_fifo_pipe
 .text          0x0000000000004364       0x70 /home/joshuabroekhuijsen/Desktop/NRFSDK11/components/properitary_rf/gzll/gcc/gzll_gcc.a(nrf_state_machine.o)
                0x0000000000004364                nrf_sm_init
                0x0000000000004374                nrf_sm_set_next_state
                0x0000000000004390                nrf_sm_get_current_state
                0x000000000000439c                nrf_sm_get_prev_state
                0x00000000000043a8                nrf_sm_get_next_state
                0x00000000000043b4                nrf_sm_execute
 .text          0x00000000000043d4        0x8 /home/joshuabroekhuijsen/Desktop/NRFSDK11/components/properitary_rf/gzll/gcc/gzll_gcc.a(nrf_assert_internal.o)
                0x00000000000043d4                NRF_ASSERT_INTERNAL_parse_and_forward
 .text          0x00000000000043dc      0x20c /home/joshuabroekhuijsen/Desktop/NRFSDK11/components/properitary_rf/gzll/gcc/gzll_gcc.a(nrf_channel_manager.o)
                0x00000000000043dc                nrf_chm_init
                0x00000000000043fc                nrf_chm_execute_single_tick
                0x0000000000004428                nrf_chm_execute_ticks
                0x000000000000448c                nrf_chm_ticks_until_channel_switch
                0x000000000000449c                nrf_chm_ticks_until_desired_channel
                0x00000000000044dc                nrf_chm_ticks_until_current_timeslot_in_range
                0x0000000000004520                nrf_chm_ticks_until_current_timeslot_in_range_on_desired_channel
                0x0000000000004560                nrf_chm_get_current_channel
                0x0000000000004588                nrf_chm_set_current_channel_index
                0x00000000000045ac                nrf_chm_get_current_channel_index
                0x00000000000045b8                nrf_chm_set_current_timeslot
                0x00000000000045dc                nrf_chm_get_current_timeslot
 .text          0x00000000000045e8      0x294 /home/joshuabroekhuijsen/Desktop/NRFSDK11/components/properitary_rf/gzll/gcc/gzll_gcc.a(nrf_fifo.o)
                0x0000000000004638                nrf_fifo_init
                0x000000000000468c                nrf_fifo_reserve_packet
                0x00000000000046c8                nrf_fifo_free_packet
                0x0000000000004724                nrf_fifo_put_packet
                0x0000000000004790                nrf_fifo_pop_packet
                0x00000000000047e0                nrf_fifo_read_packet
                0x0000000000004814                nrf_fifo_get_packet_count
                0x0000000000004834                nrf_fifo_get_available_packet_count
                0x0000000000004840                nrf_fifo_flush
 .text          0x000000000000487c      0x258 /home/joshuabroekhuijsen/Desktop/NRFSDK11/components/properitary_rf/gzll/gcc/gzll_gcc.a(nrf_flywheel.o)
                0x000000000000487c                nrf_flw_init
                0x00000000000048f4                nrf_flw_start
                0x000000000000490c                nrf_flw_stop
                0x0000000000004944                nrf_flw_get_runstate
                0x0000000000004950                nrf_flw_task_is_delayed
                0x000000000000495c                NRF_flw_prepare_call
                0x0000000000004a58                nrf_flw_get_ext_capture_task
                0x0000000000004a60                nrf_flw_get_flw_call_event
                0x0000000000004a68                TIMER2_IRQHandler
 .text          0x0000000000004ad4       0x14 /usr/lib/gcc/arm-none-eabi/4.9.3/armv6-m/libgcc.a(_thumb1_case_uqi.o)
                0x0000000000004ad4                __gnu_thumb1_case_uqi
 .text          0x0000000000004ae8      0x120 /usr/lib/gcc/arm-none-eabi/4.9.3/armv6-m/libgcc.a(_udivsi3.o)
                0x0000000000004ae8                __udivsi3
                0x0000000000004ae8                __aeabi_uidiv
                0x0000000000004bf4                __aeabi_uidivmod
 .text          0x0000000000004c08      0x1e0 /usr/lib/gcc/arm-none-eabi/4.9.3/armv6-m/libgcc.a(_divsi3.o)
                0x0000000000004c08                __aeabi_idiv
                0x0000000000004c08                __divsi3
                0x0000000000004dd4                __aeabi_idivmod
 .text          0x0000000000004de8        0x4 /usr/lib/gcc/arm-none-eabi/4.9.3/armv6-m/libgcc.a(_dvmd_tls.o)
                0x0000000000004de8                __aeabi_ldiv0
                0x0000000000004de8                __aeabi_idiv0
 .text.memcpy   0x0000000000004dec       0x12 /usr/lib/gcc/arm-none-eabi/4.9.3/../../../arm-none-eabi/lib/armv6-m/libc_nano.a(lib_a-memcpy.o)
                0x0000000000004dec                memcpy
 *(.init)
 *fill*         0x0000000000004dfe        0x2 
 .init          0x0000000000004e00        0x4 /usr/lib/gcc/arm-none-eabi/4.9.3/armv6-m/crti.o
                0x0000000000004e00                _init
 .init          0x0000000000004e04        0x8 /usr/lib/gcc/arm-none-eabi/4.9.3/armv6-m/crtn.o
 *(.fini)
 .fini          0x0000000000004e0c        0x4 /usr/lib/gcc/arm-none-eabi/4.9.3/armv6-m/crti.o
                0x0000000000004e0c                _fini
 .fini          0x0000000000004e10        0x8 /usr/lib/gcc/arm-none-eabi/4.9.3/armv6-m/crtn.o
 *crtbegin.o(.ctors)
 *crtbegin?.o(.ctors)
 *(EXCLUDE_FILE(*crtend.o *crtend?.o) .ctors)
 *(SORT(.ctors.*))
 *(.ctors)
 *crtbegin.o(.dtors)
 *crtbegin?.o(.dtors)
 *(EXCLUDE_FILE(*crtend.o *crtend?.o) .dtors)
 *(SORT(.dtors.*))
 *(.dtors)
 *(.rodata*)
 .rodata.str1.1
                0x0000000000004e18        0x2 /usr/lib/gcc/arm-none-eabi/4.9.3/../../../arm-none-eabi/lib/armv6-m/libc_nano.a(lib_a-impure.o)
 *fill*         0x0000000000004e1a        0x2 
 .rodata._global_impure_ptr
                0x0000000000004e1c        0x4 /usr/lib/gcc/arm-none-eabi/4.9.3/../../../arm-none-eabi/lib/armv6-m/libc_nano.a(lib_a-impure.o)
                0x0000000000004e1c                _global_impure_ptr
 .rodata.cst2   0x0000000000004e20        0x2 _build/main.o
 *fill*         0x0000000000004e22        0x2 
 .rodata.rtc_deb
                0x0000000000004e24        0x8 _build/main.o
                0x0000000000004e24                rtc_deb
 .rodata.rtc_maint
                0x0000000000004e2c        0x8 _build/main.o
                0x0000000000004e2c                rtc_maint
 .rodata.allPins
                0x0000000000004e34       0x19 _build/main.o
 *fill*         0x0000000000004e4d        0x3 
 .rodata.m_default_config
                0x0000000000004e50        0xc _build/nrf_drv_rtc.o
 .rodata        0x0000000000004e5c        0x2 /home/joshuabroekhuijsen/Desktop/NRFSDK11/components/properitary_rf/gzll/gcc/gzll_gcc.a(nrf_gzll.o)
 *fill*         0x0000000000004e5e        0x2 
 .rodata        0x0000000000004e60       0x30 /home/joshuabroekhuijsen/Desktop/NRFSDK11/components/properitary_rf/gzll/gcc/gzll_gcc.a(nrf_link_core.o)
 *(.eh_frame*)
 .eh_frame      0x0000000000004e90        0x0 /usr/lib/gcc/arm-none-eabi/4.9.3/armv6-m/crtbegin.o
 .eh_frame      0x0000000000004e90        0x4 /usr/lib/gcc/arm-none-eabi/4.9.3/armv6-m/crtend.o

.glue_7         0x0000000000004e94        0x0
 .glue_7        0x0000000000004e94        0x0 linker stubs

.glue_7t        0x0000000000004e94        0x0
 .glue_7t       0x0000000000004e94        0x0 linker stubs

.vfp11_veneer   0x0000000000004e94        0x0
 .vfp11_veneer  0x0000000000004e94        0x0 linker stubs

.v4_bx          0x0000000000004e94        0x0
 .v4_bx         0x0000000000004e94        0x0 linker stubs

.iplt           0x0000000000004e94        0x0
 .iplt          0x0000000000004e94        0x0 /usr/lib/gcc/arm-none-eabi/4.9.3/armv6-m/crtbegin.o

.ARM.extab
 *(.ARM.extab* .gnu.linkonce.armextab.*)
                0x0000000000004e94                __exidx_start = .

.ARM.exidx      0x0000000000004e94        0x8
 *(.ARM.exidx* .gnu.linkonce.armexidx.*)
 .ARM.exidx     0x0000000000004e94        0x8 /usr/lib/gcc/arm-none-eabi/4.9.3/../../../arm-none-eabi/lib/armv6-m/crt0.o
                0x0000000000004e9c                __exidx_end = .
                0x0000000000004e9c                __etext = .

.rel.dyn        0x0000000000004e9c        0x0
 .rel.iplt      0x0000000000004e9c        0x0 /usr/lib/gcc/arm-none-eabi/4.9.3/armv6-m/crtbegin.o

.data           0x0000000020000000       0x90 load address 0x0000000000004e9c
                0x0000000020000000                __data_start__ = .
 *(vtable)
 *(.data*)
 .data.impure_data
                0x0000000020000000       0x60 /usr/lib/gcc/arm-none-eabi/4.9.3/../../../arm-none-eabi/lib/armv6-m/libc_nano.a(lib_a-impure.o)
 .data.mouse_asleep
                0x0000000020000060        0x1 _build/main.o
 .data.mouse_setting
                0x0000000020000061        0x1 _build/main.o
 .data.encStatus
                0x0000000020000062        0x1 _build/main.o
 *fill*         0x0000000020000063        0x1 
 .data.gzll_channels
                0x0000000020000064        0x4 _build/main.o
 .data          0x0000000020000068       0x14 /home/joshuabroekhuijsen/Desktop/NRFSDK11/components/properitary_rf/gzll/gcc/gzll_gcc.a(nrf_gzll.o)
 .data          0x000000002000007c        0x8 /home/joshuabroekhuijsen/Desktop/NRFSDK11/components/properitary_rf/gzll/gcc/gzll_gcc.a(nrf_state_machine.o)
                0x000000002000007c                state_functions
                0x0000000020000084                . = ALIGN (0x4)
                0x0000000020000084                PROVIDE (__preinit_array_start, .)
 *(.preinit_array)
                0x0000000020000084                PROVIDE (__preinit_array_end, .)
                0x0000000020000084                . = ALIGN (0x4)
                0x0000000020000084                PROVIDE (__init_array_start, .)
 *(SORT(.init_array.*))
 *(.init_array)
 .init_array    0x0000000020000084        0x4 /usr/lib/gcc/arm-none-eabi/4.9.3/armv6-m/crtbegin.o
                0x0000000020000088                PROVIDE (__init_array_end, .)
                0x0000000020000088                . = ALIGN (0x4)
                0x0000000020000088                PROVIDE (__fini_array_start, .)
 *(SORT(.fini_array.*))
 *(.fini_array)
 .fini_array    0x0000000020000088        0x4 /usr/lib/gcc/arm-none-eabi/4.9.3/armv6-m/crtbegin.o
                0x000000002000008c                PROVIDE (__fini_array_end, .)
 *(.jcr*)
 .jcr           0x000000002000008c        0x0 /usr/lib/gcc/arm-none-eabi/4.9.3/armv6-m/crtbegin.o
 .jcr           0x000000002000008c        0x4 /usr/lib/gcc/arm-none-eabi/4.9.3/armv6-m/crtend.o
                0x0000000020000090                . = ALIGN (0x4)
                0x0000000020000090                __data_end__ = .
LOAD /usr/lib/gcc/arm-none-eabi/4.9.3/armv6-m/crti.o
LOAD /usr/lib/gcc/arm-none-eabi/4.9.3/armv6-m/crtbegin.o
LOAD /usr/lib/gcc/arm-none-eabi/4.9.3/../../../arm-none-eabi/lib/armv6-m/crt0.o
LOAD /usr/lib/gcc/arm-none-eabi/4.9.3/../../../arm-none-eabi/lib/armv6-m/libc_nano.a
LOAD /usr/lib/gcc/arm-none-eabi/4.9.3/../../../arm-none-eabi/lib/armv6-m/libnosys.a
LOAD _build/system_nrf51.o
LOAD _build/main.o
LOAD _build/nrf_delay.o
LOAD _build/nrf_drv_clock.o
LOAD _build/app_util_platform.o
LOAD _build/nrf_drv_common.o
LOAD _build/nrf_drv_rtc.o
LOAD _build/nrf_drv_twi.o
LOAD _build/gcc_startup_nrf51.o
LOAD /home/joshuabroekhuijsen/Desktop/NRFSDK11/components/properitary_rf/gzll/gcc/gzll_gcc.a
LOAD /usr/lib/gcc/arm-none-eabi/4.9.3/../../../arm-none-eabi/lib/armv6-m/libm.a
START GROUP
LOAD /usr/lib/gcc/arm-none-eabi/4.9.3/armv6-m/libgcc.a
LOAD /usr/lib/gcc/arm-none-eabi/4.9.3/../../../arm-none-eabi/lib/armv6-m/libc_nano.a
END GROUP
START GROUP
LOAD /usr/lib/gcc/arm-none-eabi/4.9.3/armv6-m/libgcc.a
LOAD /usr/lib/gcc/arm-none-eabi/4.9.3/../../../arm-none-eabi/lib/armv6-m/libc_nano.a
END GROUP
LOAD /usr/lib/gcc/arm-none-eabi/4.9.3/armv6-m/crtend.o
LOAD /usr/lib/gcc/arm-none-eabi/4.9.3/armv6-m/crtn.o
START GROUP
LOAD /usr/lib/gcc/arm-none-eabi/4.9.3/armv6-m/libgcc.a
LOAD /usr/lib/gcc/arm-none-eabi/4.9.3/../../../arm-none-eabi/lib/armv6-m/libc.a
LOAD /usr/lib/gcc/arm-none-eabi/4.9.3/../../../arm-none-eabi/lib/armv6-m/libnosys.a
END GROUP

.tm_clone_table
                0x0000000020000090        0x0 load address 0x0000000000004f2c
 .tm_clone_table
                0x0000000020000090        0x0 /usr/lib/gcc/arm-none-eabi/4.9.3/armv6-m/crtbegin.o
 .tm_clone_table
                0x0000000020000090        0x0 /usr/lib/gcc/arm-none-eabi/4.9.3/armv6-m/crtend.o

.igot.plt       0x0000000020000090        0x0 load address 0x0000000000004f2c
 .igot.plt      0x0000000020000090        0x0 /usr/lib/gcc/arm-none-eabi/4.9.3/armv6-m/crtbegin.o

.fs_data        0x0000000020000090        0x0
                [!provide]                        PROVIDE (__start_fs_data, .)
 *(.fs_data)
                [!provide]                        PROVIDE (__stop_fs_data, .)

.bss            0x0000000020000090      0x538 load address 0x0000000000004f2c
                0x0000000020000090                . = ALIGN (0x4)
                0x0000000020000090                __bss_start__ = .
 *(.bss*)
 .bss           0x0000000020000090       0x1c /usr/lib/gcc/arm-none-eabi/4.9.3/armv6-m/crtbegin.o
 .bss._global_atexit0
                0x00000000200000ac       0x8c /usr/lib/gcc/arm-none-eabi/4.9.3/../../../arm-none-eabi/lib/armv6-m/libc_nano.a(lib_a-__atexit.o)
 .bss._global_atexit
                0x0000000020000138        0x4 /usr/lib/gcc/arm-none-eabi/4.9.3/../../../arm-none-eabi/lib/armv6-m/libc_nano.a(lib_a-__call_atexit.o)
                0x0000000020000138                _global_atexit
 .bss.preYMovement
                0x000000002000013c        0x1 _build/main.o
 .bss.bufferRotation
                0x000000002000013d        0x1 _build/main.o
 .bss.disable_mouse
                0x000000002000013e        0x1 _build/main.o
 .bss.mouse_wakeup
                0x000000002000013f        0x1 _build/main.o
 .bss.xMovement
                0x0000000020000140        0x1 _build/main.o
 .bss.preEncMovement
                0x0000000020000141        0x1 _build/main.o
 *fill*         0x0000000020000142        0x2 
 .bss.data_payload
                0x0000000020000144        0x7 _build/main.o
 *fill*         0x000000002000014b        0x1 
 .bss.keys_raw_old
                0x000000002000014c        0x4 _build/main.o
 .bss.key_debounce
                0x0000000020000150       0x14 _build/main.o
 .bss.mouse_inactivity
                0x0000000020000164        0x2 _build/main.o
 .bss.isData    0x0000000020000166        0x1 _build/main.o
 .bss.lastTransmitFailed
                0x0000000020000167        0x1 _build/main.o
 .bss.keys      0x0000000020000168        0x4 _build/main.o
 .bss.yMovement
                0x000000002000016c        0x1 _build/main.o
 *fill*         0x000000002000016d        0x3 
 .bss.sendDelayCount
                0x0000000020000170        0x4 _build/main.o
 .bss.preXMovement
                0x0000000020000174        0x1 _build/main.o
 .bss.currentTimer
                0x0000000020000175        0x1 _build/main.o
 *fill*         0x0000000020000176        0x2 
 .bss.ack_payload
                0x0000000020000178       0x20 _build/main.o
 .bss.keys_raw  0x0000000020000198        0x4 _build/main.o
 .bss.encMovement
                0x000000002000019c        0x1 _build/main.o
 *fill*         0x000000002000019d        0x3 
 .bss.m_clock_cb
                0x00000000200001a0       0x14 _build/nrf_drv_clock.o
 .bss.m_in_critical_region
                0x00000000200001b4        0x4 _build/app_util_platform.o
 .bss.m_handlers
                0x00000000200001b8        0x8 _build/nrf_drv_rtc.o
 .bss.m_cb      0x00000000200001c0        0x6 _build/nrf_drv_rtc.o
 *fill*         0x00000000200001c6        0x2 
 .bss.m_cb      0x00000000200001c8       0x28 _build/nrf_drv_twi.o
 .bss           0x00000000200001f0       0x18 /home/joshuabroekhuijsen/Desktop/NRFSDK11/components/properitary_rf/gzll/gcc/gzll_gcc.a(nrf_gzll.o)
                0x0000000020000204                assert_count
 .bss           0x0000000020000208       0x10 /home/joshuabroekhuijsen/Desktop/NRFSDK11/components/properitary_rf/gzll/gcc/gzll_gcc.a(nrf_impala.o)
 .bss           0x0000000020000218        0x4 /home/joshuabroekhuijsen/Desktop/NRFSDK11/components/properitary_rf/gzll/gcc/gzll_gcc.a(nrf_link_core.o)
 .bss           0x000000002000021c        0xc /home/joshuabroekhuijsen/Desktop/NRFSDK11/components/properitary_rf/gzll/gcc/gzll_gcc.a(nrf_channel_manager.o)
 .bss           0x0000000020000228        0x8 /home/joshuabroekhuijsen/Desktop/NRFSDK11/components/properitary_rf/gzll/gcc/gzll_gcc.a(nrf_flywheel.o)
 *(COMMON)
 COMMON         0x0000000020000230        0x1 /home/joshuabroekhuijsen/Desktop/NRFSDK11/components/properitary_rf/gzll/gcc/gzll_gcc.a(nrf_gzll.o)
                0x0000000020000230                nrf_gzll_error_code
 *fill*         0x0000000020000231        0x3 
 COMMON         0x0000000020000234       0x6c /home/joshuabroekhuijsen/Desktop/NRFSDK11/components/properitary_rf/gzll/gcc/gzll_gcc.a(nrf_impala.o)
                0x0000000020000234                nrf_impl_status
                0x0000000020000250                lcore_config
                0x0000000020000268                impl_async_state
                0x000000002000026c                impl_internal_params
 COMMON         0x00000000200002a0       0x24 /home/joshuabroekhuijsen/Desktop/NRFSDK11/components/properitary_rf/gzll/gcc/gzll_gcc.a(nrf_link_core.o)
                0x00000000200002a0                nrf_lcore_status
 COMMON         0x00000000200002c4       0x88 /home/joshuabroekhuijsen/Desktop/NRFSDK11/components/properitary_rf/gzll/gcc/gzll_gcc.a(nrf_notification_manager.o)
                0x00000000200002c4                nm_status
 COMMON         0x000000002000034c       0x9c /home/joshuabroekhuijsen/Desktop/NRFSDK11/components/properitary_rf/gzll/gcc/gzll_gcc.a(nrf_packet_manager.o)
                0x000000002000034c                pm_status
                0x00000000200003e0                nrf_pm_ack_payload_pending
 COMMON         0x00000000200003e8        0x3 /home/joshuabroekhuijsen/Desktop/NRFSDK11/components/properitary_rf/gzll/gcc/gzll_gcc.a(nrf_state_machine.o)
                0x00000000200003e8                sm_status
 *fill*         0x00000000200003eb        0x1 
 COMMON         0x00000000200003ec      0x1d8 /home/joshuabroekhuijsen/Desktop/NRFSDK11/components/properitary_rf/gzll/gcc/gzll_gcc.a(nrf_fifo.o)
                0x00000000200003ec                available_packet_count
                0x00000000200003f0                available_packets
                0x0000000020000408                pipe_status
                0x0000000020000438                fifo_contents
                0x00000000200004f8                packet_pool
 COMMON         0x00000000200005c4        0x1 /home/joshuabroekhuijsen/Desktop/NRFSDK11/components/properitary_rf/gzll/gcc/gzll_gcc.a(nrf_flywheel.o)
                0x00000000200005c4                runstate
                0x00000000200005c8                . = ALIGN (0x4)
 *fill*         0x00000000200005c5        0x3 
                0x00000000200005c8                __bss_end__ = .

.heap           0x00000000200005c8      0x800
                0x00000000200005c8                __end__ = .
                [!provide]                        PROVIDE (end, .)
 *(.heap*)
 .heap          0x00000000200005c8      0x800 _build/gcc_startup_nrf51.o
                0x00000000200005c8                __HeapBase
                0x0000000020000dc8                __HeapLimit = .

.stack_dummy    0x00000000200005c8      0x800
 *(.stack*)
 .stack         0x00000000200005c8      0x800 _build/gcc_startup_nrf51.o
                0x0000000020004000                __StackTop = (ORIGIN (RAM) + LENGTH (RAM))
                0x0000000020003800                __StackLimit = (__StackTop - SIZEOF (.stack_dummy))
                0x0000000020004000                PROVIDE (__stack, __StackTop)
                0x0000000000000001                ASSERT ((__StackLimit >= __HeapLimit), region RAM overflowed with stack)
OUTPUT(_build/nrf51822_xxac.out elf32-littlearm)

.ARM.attributes
                0x0000000000000000       0x28
 .ARM.attributes
                0x0000000000000000       0x1e /usr/lib/gcc/arm-none-eabi/4.9.3/armv6-m/crti.o
 .ARM.attributes
                0x000000000000001e       0x2c /usr/lib/gcc/arm-none-eabi/4.9.3/armv6-m/crtbegin.o
 .ARM.attributes
                0x000000000000004a       0x1b /usr/lib/gcc/arm-none-eabi/4.9.3/../../../arm-none-eabi/lib/armv6-m/crt0.o
 .ARM.attributes
                0x0000000000000065       0x2c /usr/lib/gcc/arm-none-eabi/4.9.3/../../../arm-none-eabi/lib/armv6-m/libc_nano.a(lib_a-atexit.o)
 .ARM.attributes
                0x0000000000000091       0x2c /usr/lib/gcc/arm-none-eabi/4.9.3/../../../arm-none-eabi/lib/armv6-m/libc_nano.a(lib_a-exit.o)
 .ARM.attributes
                0x00000000000000bd       0x2c /usr/lib/gcc/arm-none-eabi/4.9.3/../../../arm-none-eabi/lib/armv6-m/libc_nano.a(lib_a-fini.o)
 .ARM.attributes
                0x00000000000000e9       0x2c /usr/lib/gcc/arm-none-eabi/4.9.3/../../../arm-none-eabi/lib/armv6-m/libc_nano.a(lib_a-impure.o)
 .ARM.attributes
                0x0000000000000115       0x2c /usr/lib/gcc/arm-none-eabi/4.9.3/../../../arm-none-eabi/lib/armv6-m/libc_nano.a(lib_a-init.o)
 .ARM.attributes
                0x0000000000000141       0x2c /usr/lib/gcc/arm-none-eabi/4.9.3/../../../arm-none-eabi/lib/armv6-m/libc_nano.a(lib_a-memset.o)
 .ARM.attributes
                0x000000000000016d       0x2c /usr/lib/gcc/arm-none-eabi/4.9.3/../../../arm-none-eabi/lib/armv6-m/libc_nano.a(lib_a-__atexit.o)
 .ARM.attributes
                0x0000000000000199       0x2c /usr/lib/gcc/arm-none-eabi/4.9.3/../../../arm-none-eabi/lib/armv6-m/libc_nano.a(lib_a-__call_atexit.o)
 .ARM.attributes
                0x00000000000001c5       0x2c /usr/lib/gcc/arm-none-eabi/4.9.3/../../../arm-none-eabi/lib/armv6-m/libnosys.a(_exit.o)
 .ARM.attributes
                0x00000000000001f1       0x31 _build/system_nrf51.o
 .ARM.attributes
                0x0000000000000222       0x31 _build/main.o
 .ARM.attributes
                0x0000000000000253       0x31 _build/nrf_drv_clock.o
 .ARM.attributes
                0x0000000000000284       0x31 _build/app_util_platform.o
 .ARM.attributes
                0x00000000000002b5       0x31 _build/nrf_drv_common.o
 .ARM.attributes
                0x00000000000002e6       0x31 _build/nrf_drv_rtc.o
 .ARM.attributes
                0x0000000000000317       0x31 _build/nrf_drv_twi.o
 .ARM.attributes
                0x0000000000000348       0x1b _build/gcc_startup_nrf51.o
 .ARM.attributes
                0x0000000000000363       0x31 /home/joshuabroekhuijsen/Desktop/NRFSDK11/components/properitary_rf/gzll/gcc/gzll_gcc.a(nrf_gzll.o)
 .ARM.attributes
                0x0000000000000394       0x31 /home/joshuabroekhuijsen/Desktop/NRFSDK11/components/properitary_rf/gzll/gcc/gzll_gcc.a(nrf_impala.o)
 .ARM.attributes
                0x00000000000003c5       0x31 /home/joshuabroekhuijsen/Desktop/NRFSDK11/components/properitary_rf/gzll/gcc/gzll_gcc.a(nrf_link_core.o)
 .ARM.attributes
                0x00000000000003f6       0x31 /home/joshuabroekhuijsen/Desktop/NRFSDK11/components/properitary_rf/gzll/gcc/gzll_gcc.a(nrf_notification_manager.o)
 .ARM.attributes
                0x0000000000000427       0x31 /home/joshuabroekhuijsen/Desktop/NRFSDK11/components/properitary_rf/gzll/gcc/gzll_gcc.a(nrf_packet_manager.o)
 .ARM.attributes
                0x0000000000000458       0x31 /home/joshuabroekhuijsen/Desktop/NRFSDK11/components/properitary_rf/gzll/gcc/gzll_gcc.a(nrf_state_machine.o)
 .ARM.attributes
                0x0000000000000489       0x31 /home/joshuabroekhuijsen/Desktop/NRFSDK11/components/properitary_rf/gzll/gcc/gzll_gcc.a(nrf_assert_internal.o)
 .ARM.attributes
                0x00000000000004ba       0x31 /home/joshuabroekhuijsen/Desktop/NRFSDK11/components/properitary_rf/gzll/gcc/gzll_gcc.a(nrf_channel_manager.o)
 .ARM.attributes
                0x00000000000004eb       0x31 /home/joshuabroekhuijsen/Desktop/NRFSDK11/components/properitary_rf/gzll/gcc/gzll_gcc.a(nrf_fifo.o)
 .ARM.attributes
                0x000000000000051c       0x31 /home/joshuabroekhuijsen/Desktop/NRFSDK11/components/properitary_rf/gzll/gcc/gzll_gcc.a(nrf_flywheel.o)
 .ARM.attributes
                0x000000000000054d       0x1e /usr/lib/gcc/arm-none-eabi/4.9.3/armv6-m/libgcc.a(_thumb1_case_uqi.o)
 .ARM.attributes
                0x000000000000056b       0x1e /usr/lib/gcc/arm-none-eabi/4.9.3/armv6-m/libgcc.a(_udivsi3.o)
 .ARM.attributes
                0x0000000000000589       0x1e /usr/lib/gcc/arm-none-eabi/4.9.3/armv6-m/libgcc.a(_divsi3.o)
 .ARM.attributes
                0x00000000000005a7       0x1e /usr/lib/gcc/arm-none-eabi/4.9.3/armv6-m/libgcc.a(_dvmd_tls.o)
 .ARM.attributes
                0x00000000000005c5       0x2c /usr/lib/gcc/arm-none-eabi/4.9.3/../../../arm-none-eabi/lib/armv6-m/libc_nano.a(lib_a-memcpy.o)
 .ARM.attributes
                0x00000000000005f1       0x2c /usr/lib/gcc/arm-none-eabi/4.9.3/armv6-m/crtend.o
 .ARM.attributes
                0x000000000000061d       0x1e /usr/lib/gcc/arm-none-eabi/4.9.3/armv6-m/crtn.o

.comment        0x0000000000000000       0xe0
 .comment       0x0000000000000000       0x38 /usr/lib/gcc/arm-none-eabi/4.9.3/armv6-m/crtbegin.o
                                         0x39 (size before relaxing)
 .comment       0x0000000000000038       0x38 /usr/lib/gcc/arm-none-eabi/4.9.3/../../../arm-none-eabi/lib/armv6-m/libc_nano.a(lib_a-atexit.o)
                                         0x39 (size before relaxing)
 .comment       0x0000000000000070       0x39 /usr/lib/gcc/arm-none-eabi/4.9.3/../../../arm-none-eabi/lib/armv6-m/libc_nano.a(lib_a-exit.o)
 .comment       0x0000000000000070       0x39 /usr/lib/gcc/arm-none-eabi/4.9.3/../../../arm-none-eabi/lib/armv6-m/libc_nano.a(lib_a-fini.o)
 .comment       0x0000000000000070       0x39 /usr/lib/gcc/arm-none-eabi/4.9.3/../../../arm-none-eabi/lib/armv6-m/libc_nano.a(lib_a-impure.o)
 .comment       0x0000000000000070       0x39 /usr/lib/gcc/arm-none-eabi/4.9.3/../../../arm-none-eabi/lib/armv6-m/libc_nano.a(lib_a-init.o)
 .comment       0x0000000000000070       0x39 /usr/lib/gcc/arm-none-eabi/4.9.3/../../../arm-none-eabi/lib/armv6-m/libc_nano.a(lib_a-memset.o)
 .comment       0x0000000000000070       0x39 /usr/lib/gcc/arm-none-eabi/4.9.3/../../../arm-none-eabi/lib/armv6-m/libc_nano.a(lib_a-__atexit.o)
 .comment       0x0000000000000070       0x39 /usr/lib/gcc/arm-none-eabi/4.9.3/../../../arm-none-eabi/lib/armv6-m/libc_nano.a(lib_a-__call_atexit.o)
 .comment       0x0000000000000070       0x39 /usr/lib/gcc/arm-none-eabi/4.9.3/../../../arm-none-eabi/lib/armv6-m/libnosys.a(_exit.o)
 .comment       0x0000000000000070       0x39 _build/system_nrf51.o
 .comment       0x0000000000000070       0x39 _build/main.o
 .comment       0x0000000000000070       0x39 _build/nrf_drv_clock.o
 .comment       0x0000000000000070       0x39 _build/app_util_platform.o
 .comment       0x0000000000000070       0x39 _build/nrf_drv_common.o
 .comment       0x0000000000000070       0x39 _build/nrf_drv_rtc.o
 .comment       0x0000000000000070       0x39 _build/nrf_drv_twi.o
 .comment       0x0000000000000070       0x70 /home/joshuabroekhuijsen/Desktop/NRFSDK11/components/properitary_rf/gzll/gcc/gzll_gcc.a(nrf_gzll.o)
                                         0x71 (size before relaxing)
 .comment       0x00000000000000e0       0x71 /home/joshuabroekhuijsen/Desktop/NRFSDK11/components/properitary_rf/gzll/gcc/gzll_gcc.a(nrf_impala.o)
 .comment       0x00000000000000e0       0x71 /home/joshuabroekhuijsen/Desktop/NRFSDK11/components/properitary_rf/gzll/gcc/gzll_gcc.a(nrf_link_core.o)
 .comment       0x00000000000000e0       0x71 /home/joshuabroekhuijsen/Desktop/NRFSDK11/components/properitary_rf/gzll/gcc/gzll_gcc.a(nrf_notification_manager.o)
 .comment       0x00000000000000e0       0x71 /home/joshuabroekhuijsen/Desktop/NRFSDK11/components/properitary_rf/gzll/gcc/gzll_gcc.a(nrf_packet_manager.o)
 .comment       0x00000000000000e0       0x71 /home/joshuabroekhuijsen/Desktop/NRFSDK11/components/properitary_rf/gzll/gcc/gzll_gcc.a(nrf_state_machine.o)
 .comment       0x00000000000000e0       0x71 /home/joshuabroekhuijsen/Desktop/NRFSDK11/components/properitary_rf/gzll/gcc/gzll_gcc.a(nrf_assert_internal.o)
 .comment       0x00000000000000e0       0x71 /home/joshuabroekhuijsen/Desktop/NRFSDK11/components/properitary_rf/gzll/gcc/gzll_gcc.a(nrf_channel_manager.o)
 .comment       0x00000000000000e0       0x71 /home/joshuabroekhuijsen/Desktop/NRFSDK11/components/properitary_rf/gzll/gcc/gzll_gcc.a(nrf_fifo.o)
 .comment       0x00000000000000e0       0x71 /home/joshuabroekhuijsen/Desktop/NRFSDK11/components/properitary_rf/gzll/gcc/gzll_gcc.a(nrf_flywheel.o)
 .comment       0x00000000000000e0       0x39 /usr/lib/gcc/arm-none-eabi/4.9.3/../../../arm-none-eabi/lib/armv6-m/libc_nano.a(lib_a-memcpy.o)
 .comment       0x00000000000000e0       0x39 /usr/lib/gcc/arm-none-eabi/4.9.3/armv6-m/crtend.o

.debug_line     0x0000000000000000     0x4be1
 .debug_line    0x0000000000000000       0x80 /usr/lib/gcc/arm-none-eabi/4.9.3/../../../arm-none-eabi/lib/armv6-m/crt0.o
 .debug_line    0x0000000000000080       0xc3 /usr/lib/gcc/arm-none-eabi/4.9.3/../../../arm-none-eabi/lib/armv6-m/libc_nano.a(lib_a-atexit.o)
 .debug_line    0x0000000000000143      0x169 /usr/lib/gcc/arm-none-eabi/4.9.3/../../../arm-none-eabi/lib/armv6-m/libc_nano.a(lib_a-exit.o)
 .debug_line    0x00000000000002ac       0x9b /usr/lib/gcc/arm-none-eabi/4.9.3/../../../arm-none-eabi/lib/armv6-m/libc_nano.a(lib_a-fini.o)
 .debug_line    0x0000000000000347       0xf1 /usr/lib/gcc/arm-none-eabi/4.9.3/../../../arm-none-eabi/lib/armv6-m/libc_nano.a(lib_a-impure.o)
 .debug_line    0x0000000000000438       0xb5 /usr/lib/gcc/arm-none-eabi/4.9.3/../../../arm-none-eabi/lib/armv6-m/libc_nano.a(lib_a-init.o)
 .debug_line    0x00000000000004ed       0xed /usr/lib/gcc/arm-none-eabi/4.9.3/../../../arm-none-eabi/lib/armv6-m/libc_nano.a(lib_a-memset.o)
 .debug_line    0x00000000000005da      0x17e /usr/lib/gcc/arm-none-eabi/4.9.3/../../../arm-none-eabi/lib/armv6-m/libc_nano.a(lib_a-__atexit.o)
 .debug_line    0x0000000000000758      0x172 /usr/lib/gcc/arm-none-eabi/4.9.3/../../../arm-none-eabi/lib/armv6-m/libc_nano.a(lib_a-__call_atexit.o)
 .debug_line    0x00000000000008ca       0x5d /usr/lib/gcc/arm-none-eabi/4.9.3/../../../arm-none-eabi/lib/armv6-m/libnosys.a(_exit.o)
 .debug_line    0x0000000000000927      0x2c7 _build/system_nrf51.o
 .debug_line    0x0000000000000bee      0xfed _build/main.o
 .debug_line    0x0000000000001bdb      0x8bb _build/nrf_drv_clock.o
 .debug_line    0x0000000000002496      0x4c1 _build/app_util_platform.o
 .debug_line    0x0000000000002957      0x5ae _build/nrf_drv_common.o
 .debug_line    0x0000000000002f05      0xa45 _build/nrf_drv_rtc.o
 .debug_line    0x000000000000394a     0x1003 _build/nrf_drv_twi.o
 .debug_line    0x000000000000494d       0x66 /usr/lib/gcc/arm-none-eabi/4.9.3/armv6-m/libgcc.a(_thumb1_case_uqi.o)
 .debug_line    0x00000000000049b3       0x6c /usr/lib/gcc/arm-none-eabi/4.9.3/armv6-m/libgcc.a(_udivsi3.o)
 .debug_line    0x0000000000004a1f       0x73 /usr/lib/gcc/arm-none-eabi/4.9.3/armv6-m/libgcc.a(_divsi3.o)
 .debug_line    0x0000000000004a92       0x5e /usr/lib/gcc/arm-none-eabi/4.9.3/armv6-m/libgcc.a(_dvmd_tls.o)
 .debug_line    0x0000000000004af0       0xf1 /usr/lib/gcc/arm-none-eabi/4.9.3/../../../arm-none-eabi/lib/armv6-m/libc_nano.a(lib_a-memcpy.o)

.debug_info     0x0000000000000000     0xc8a3
 .debug_info    0x0000000000000000       0xa8 /usr/lib/gcc/arm-none-eabi/4.9.3/../../../arm-none-eabi/lib/armv6-m/crt0.o
 .debug_info    0x00000000000000a8      0x10a /usr/lib/gcc/arm-none-eabi/4.9.3/../../../arm-none-eabi/lib/armv6-m/libc_nano.a(lib_a-atexit.o)
 .debug_info    0x00000000000001b2      0x7a6 /usr/lib/gcc/arm-none-eabi/4.9.3/../../../arm-none-eabi/lib/armv6-m/libc_nano.a(lib_a-exit.o)
 .debug_info    0x0000000000000958       0xeb /usr/lib/gcc/arm-none-eabi/4.9.3/../../../arm-none-eabi/lib/armv6-m/libc_nano.a(lib_a-fini.o)
 .debug_info    0x0000000000000a43      0x7d3 /usr/lib/gcc/arm-none-eabi/4.9.3/../../../arm-none-eabi/lib/armv6-m/libc_nano.a(lib_a-impure.o)
 .debug_info    0x0000000000001216      0x105 /usr/lib/gcc/arm-none-eabi/4.9.3/../../../arm-none-eabi/lib/armv6-m/libc_nano.a(lib_a-init.o)
 .debug_info    0x000000000000131b       0xd3 /usr/lib/gcc/arm-none-eabi/4.9.3/../../../arm-none-eabi/lib/armv6-m/libc_nano.a(lib_a-memset.o)
 .debug_info    0x00000000000013ee      0x23b /usr/lib/gcc/arm-none-eabi/4.9.3/../../../arm-none-eabi/lib/armv6-m/libc_nano.a(lib_a-__atexit.o)
 .debug_info    0x0000000000001629      0x242 /usr/lib/gcc/arm-none-eabi/4.9.3/../../../arm-none-eabi/lib/armv6-m/libc_nano.a(lib_a-__call_atexit.o)
 .debug_info    0x000000000000186b       0x58 /usr/lib/gcc/arm-none-eabi/4.9.3/../../../arm-none-eabi/lib/armv6-m/libnosys.a(_exit.o)
 .debug_info    0x00000000000018c3      0x1d9 _build/system_nrf51.o
 .debug_info    0x0000000000001a9c     0x43f3 _build/main.o
 .debug_info    0x0000000000005e8f      0xfa8 _build/nrf_drv_clock.o
 .debug_info    0x0000000000006e37      0x1c1 _build/app_util_platform.o
 .debug_info    0x0000000000006ff8      0x42d _build/nrf_drv_common.o
 .debug_info    0x0000000000007425     0x15f1 _build/nrf_drv_rtc.o
 .debug_info    0x0000000000008a16     0x3aa7 _build/nrf_drv_twi.o
 .debug_info    0x000000000000c4bd       0xb9 /usr/lib/gcc/arm-none-eabi/4.9.3/armv6-m/libgcc.a(_thumb1_case_uqi.o)
 .debug_info    0x000000000000c576       0xb9 /usr/lib/gcc/arm-none-eabi/4.9.3/armv6-m/libgcc.a(_udivsi3.o)
 .debug_info    0x000000000000c62f       0xb9 /usr/lib/gcc/arm-none-eabi/4.9.3/armv6-m/libgcc.a(_divsi3.o)
 .debug_info    0x000000000000c6e8       0xb9 /usr/lib/gcc/arm-none-eabi/4.9.3/armv6-m/libgcc.a(_dvmd_tls.o)
 .debug_info    0x000000000000c7a1      0x102 /usr/lib/gcc/arm-none-eabi/4.9.3/../../../arm-none-eabi/lib/armv6-m/libc_nano.a(lib_a-memcpy.o)

.debug_abbrev   0x0000000000000000     0x1d34
 .debug_abbrev  0x0000000000000000       0x14 /usr/lib/gcc/arm-none-eabi/4.9.3/../../../arm-none-eabi/lib/armv6-m/crt0.o
 .debug_abbrev  0x0000000000000014       0xb5 /usr/lib/gcc/arm-none-eabi/4.9.3/../../../arm-none-eabi/lib/armv6-m/libc_nano.a(lib_a-atexit.o)
 .debug_abbrev  0x00000000000000c9      0x18b /usr/lib/gcc/arm-none-eabi/4.9.3/../../../arm-none-eabi/lib/armv6-m/libc_nano.a(lib_a-exit.o)
 .debug_abbrev  0x0000000000000254       0xb8 /usr/lib/gcc/arm-none-eabi/4.9.3/../../../arm-none-eabi/lib/armv6-m/libc_nano.a(lib_a-fini.o)
 .debug_abbrev  0x000000000000030c      0x136 /usr/lib/gcc/arm-none-eabi/4.9.3/../../../arm-none-eabi/lib/armv6-m/libc_nano.a(lib_a-impure.o)
 .debug_abbrev  0x0000000000000442       0xba /usr/lib/gcc/arm-none-eabi/4.9.3/../../../arm-none-eabi/lib/armv6-m/libc_nano.a(lib_a-init.o)
 .debug_abbrev  0x00000000000004fc       0x8e /usr/lib/gcc/arm-none-eabi/4.9.3/../../../arm-none-eabi/lib/armv6-m/libc_nano.a(lib_a-memset.o)
 .debug_abbrev  0x000000000000058a      0x180 /usr/lib/gcc/arm-none-eabi/4.9.3/../../../arm-none-eabi/lib/armv6-m/libc_nano.a(lib_a-__atexit.o)
 .debug_abbrev  0x000000000000070a      0x16d /usr/lib/gcc/arm-none-eabi/4.9.3/../../../arm-none-eabi/lib/armv6-m/libc_nano.a(lib_a-__call_atexit.o)
 .debug_abbrev  0x0000000000000877       0x55 /usr/lib/gcc/arm-none-eabi/4.9.3/../../../arm-none-eabi/lib/armv6-m/libnosys.a(_exit.o)
 .debug_abbrev  0x00000000000008cc       0xfc _build/system_nrf51.o
 .debug_abbrev  0x00000000000009c8      0x4da _build/main.o
 .debug_abbrev  0x0000000000000ea2      0x3cb _build/nrf_drv_clock.o
 .debug_abbrev  0x000000000000126d       0xeb _build/app_util_platform.o
 .debug_abbrev  0x0000000000001358      0x16c _build/nrf_drv_common.o
 .debug_abbrev  0x00000000000014c4      0x370 _build/nrf_drv_rtc.o
 .debug_abbrev  0x0000000000001834      0x40c _build/nrf_drv_twi.o
 .debug_abbrev  0x0000000000001c40       0x14 /usr/lib/gcc/arm-none-eabi/4.9.3/armv6-m/libgcc.a(_thumb1_case_uqi.o)
 .debug_abbrev  0x0000000000001c54       0x14 /usr/lib/gcc/arm-none-eabi/4.9.3/armv6-m/libgcc.a(_udivsi3.o)
 .debug_abbrev  0x0000000000001c68       0x14 /usr/lib/gcc/arm-none-eabi/4.9.3/armv6-m/libgcc.a(_divsi3.o)
 .debug_abbrev  0x0000000000001c7c       0x14 /usr/lib/gcc/arm-none-eabi/4.9.3/armv6-m/libgcc.a(_dvmd_tls.o)
 .debug_abbrev  0x0000000000001c90       0xa4 /usr/lib/gcc/arm-none-eabi/4.9.3/../../../arm-none-eabi/lib/armv6-m/libc_nano.a(lib_a-memcpy.o)

.debug_aranges  0x0000000000000000      0x450
 .debug_aranges
                0x0000000000000000       0x20 /usr/lib/gcc/arm-none-eabi/4.9.3/../../../arm-none-eabi/lib/armv6-m/crt0.o
 .debug_aranges
                0x0000000000000020       0x20 /usr/lib/gcc/arm-none-eabi/4.9.3/../../../arm-none-eabi/lib/armv6-m/libc_nano.a(lib_a-atexit.o)
 .debug_aranges
                0x0000000000000040       0x20 /usr/lib/gcc/arm-none-eabi/4.9.3/../../../arm-none-eabi/lib/armv6-m/libc_nano.a(lib_a-exit.o)
 .debug_aranges
                0x0000000000000060       0x20 /usr/lib/gcc/arm-none-eabi/4.9.3/../../../arm-none-eabi/lib/armv6-m/libc_nano.a(lib_a-fini.o)
 .debug_aranges
                0x0000000000000080       0x18 /usr/lib/gcc/arm-none-eabi/4.9.3/../../../arm-none-eabi/lib/armv6-m/libc_nano.a(lib_a-impure.o)
 .debug_aranges
                0x0000000000000098       0x20 /usr/lib/gcc/arm-none-eabi/4.9.3/../../../arm-none-eabi/lib/armv6-m/libc_nano.a(lib_a-init.o)
 .debug_aranges
                0x00000000000000b8       0x20 /usr/lib/gcc/arm-none-eabi/4.9.3/../../../arm-none-eabi/lib/armv6-m/libc_nano.a(lib_a-memset.o)
 .debug_aranges
                0x00000000000000d8       0x20 /usr/lib/gcc/arm-none-eabi/4.9.3/../../../arm-none-eabi/lib/armv6-m/libc_nano.a(lib_a-__atexit.o)
 .debug_aranges
                0x00000000000000f8       0x20 /usr/lib/gcc/arm-none-eabi/4.9.3/../../../arm-none-eabi/lib/armv6-m/libc_nano.a(lib_a-__call_atexit.o)
 .debug_aranges
                0x0000000000000118       0x20 /usr/lib/gcc/arm-none-eabi/4.9.3/../../../arm-none-eabi/lib/armv6-m/libnosys.a(_exit.o)
 .debug_aranges
                0x0000000000000138       0x28 _build/system_nrf51.o
 .debug_aranges
                0x0000000000000160       0x80 _build/main.o
 .debug_aranges
                0x00000000000001e0       0x78 _build/nrf_drv_clock.o
 .debug_aranges
                0x0000000000000258       0x38 _build/app_util_platform.o
 .debug_aranges
                0x0000000000000290       0x20 _build/nrf_drv_common.o
 .debug_aranges
                0x00000000000002b0       0x80 _build/nrf_drv_rtc.o
 .debug_aranges
                0x0000000000000330       0x80 _build/nrf_drv_twi.o
 .debug_aranges
                0x00000000000003b0       0x20 /usr/lib/gcc/arm-none-eabi/4.9.3/armv6-m/libgcc.a(_thumb1_case_uqi.o)
 .debug_aranges
                0x00000000000003d0       0x20 /usr/lib/gcc/arm-none-eabi/4.9.3/armv6-m/libgcc.a(_udivsi3.o)
 .debug_aranges
                0x00000000000003f0       0x20 /usr/lib/gcc/arm-none-eabi/4.9.3/armv6-m/libgcc.a(_divsi3.o)
 .debug_aranges
                0x0000000000000410       0x20 /usr/lib/gcc/arm-none-eabi/4.9.3/armv6-m/libgcc.a(_dvmd_tls.o)
 .debug_aranges
                0x0000000000000430       0x20 /usr/lib/gcc/arm-none-eabi/4.9.3/../../../arm-none-eabi/lib/armv6-m/libc_nano.a(lib_a-memcpy.o)

.debug_loc      0x0000000000000000     0x81bc
 .debug_loc     0x0000000000000000       0x2c /usr/lib/gcc/arm-none-eabi/4.9.3/../../../arm-none-eabi/lib/armv6-m/libc_nano.a(lib_a-atexit.o)
 .debug_loc     0x000000000000002c       0x1e /usr/lib/gcc/arm-none-eabi/4.9.3/../../../arm-none-eabi/lib/armv6-m/libc_nano.a(lib_a-exit.o)
 .debug_loc     0x000000000000004a       0x2b /usr/lib/gcc/arm-none-eabi/4.9.3/../../../arm-none-eabi/lib/armv6-m/libc_nano.a(lib_a-fini.o)
 .debug_loc     0x0000000000000075       0x3c /usr/lib/gcc/arm-none-eabi/4.9.3/../../../arm-none-eabi/lib/armv6-m/libc_nano.a(lib_a-init.o)
 .debug_loc     0x00000000000000b1       0x87 /usr/lib/gcc/arm-none-eabi/4.9.3/../../../arm-none-eabi/lib/armv6-m/libc_nano.a(lib_a-memset.o)
 .debug_loc     0x0000000000000138      0x198 /usr/lib/gcc/arm-none-eabi/4.9.3/../../../arm-none-eabi/lib/armv6-m/libc_nano.a(lib_a-__atexit.o)
 .debug_loc     0x00000000000002d0      0x18c /usr/lib/gcc/arm-none-eabi/4.9.3/../../../arm-none-eabi/lib/armv6-m/libc_nano.a(lib_a-__call_atexit.o)
 .debug_loc     0x000000000000045c     0x20ad _build/main.o
 .debug_loc     0x0000000000002509      0x22a _build/nrf_drv_clock.o
 .debug_loc     0x0000000000002733       0xa2 _build/nrf_drv_common.o
 .debug_loc     0x00000000000027d5     0x142a _build/nrf_drv_rtc.o
 .debug_loc     0x0000000000003bff     0x44ee _build/nrf_drv_twi.o
 .debug_loc     0x00000000000080ed       0xcf /usr/lib/gcc/arm-none-eabi/4.9.3/../../../arm-none-eabi/lib/armv6-m/libc_nano.a(lib_a-memcpy.o)

.debug_ranges   0x0000000000000000     0x1a40
 .debug_ranges  0x0000000000000000       0x10 /usr/lib/gcc/arm-none-eabi/4.9.3/../../../arm-none-eabi/lib/armv6-m/libc_nano.a(lib_a-atexit.o)
 .debug_ranges  0x0000000000000010       0x10 /usr/lib/gcc/arm-none-eabi/4.9.3/../../../arm-none-eabi/lib/armv6-m/libc_nano.a(lib_a-exit.o)
 .debug_ranges  0x0000000000000020       0x10 /usr/lib/gcc/arm-none-eabi/4.9.3/../../../arm-none-eabi/lib/armv6-m/libc_nano.a(lib_a-fini.o)
 .debug_ranges  0x0000000000000030       0x10 /usr/lib/gcc/arm-none-eabi/4.9.3/../../../arm-none-eabi/lib/armv6-m/libc_nano.a(lib_a-init.o)
 .debug_ranges  0x0000000000000040       0x10 /usr/lib/gcc/arm-none-eabi/4.9.3/../../../arm-none-eabi/lib/armv6-m/libc_nano.a(lib_a-memset.o)
 .debug_ranges  0x0000000000000050       0x10 /usr/lib/gcc/arm-none-eabi/4.9.3/../../../arm-none-eabi/lib/armv6-m/libc_nano.a(lib_a-__atexit.o)
 .debug_ranges  0x0000000000000060       0x10 /usr/lib/gcc/arm-none-eabi/4.9.3/../../../arm-none-eabi/lib/armv6-m/libc_nano.a(lib_a-__call_atexit.o)
 .debug_ranges  0x0000000000000070       0x10 /usr/lib/gcc/arm-none-eabi/4.9.3/../../../arm-none-eabi/lib/armv6-m/libnosys.a(_exit.o)
 .debug_ranges  0x0000000000000080       0x78 _build/system_nrf51.o
 .debug_ranges  0x00000000000000f8      0xa00 _build/main.o
 .debug_ranges  0x0000000000000af8      0x2b8 _build/nrf_drv_clock.o
 .debug_ranges  0x0000000000000db0       0x40 _build/app_util_platform.o
 .debug_ranges  0x0000000000000df0       0x28 _build/nrf_drv_common.o
 .debug_ranges  0x0000000000000e18      0x390 _build/nrf_drv_rtc.o
 .debug_ranges  0x00000000000011a8      0x888 _build/nrf_drv_twi.o
 .debug_ranges  0x0000000000001a30       0x10 /usr/lib/gcc/arm-none-eabi/4.9.3/../../../arm-none-eabi/lib/armv6-m/libc_nano.a(lib_a-memcpy.o)

.debug_str      0x0000000000000000    0x388cc
 .debug_str     0x0000000000000000      0x181 /usr/lib/gcc/arm-none-eabi/4.9.3/../../../arm-none-eabi/lib/armv6-m/libc_nano.a(lib_a-atexit.o)
                                        0x211 (size before relaxing)
 .debug_str     0x0000000000000181      0x347 /usr/lib/gcc/arm-none-eabi/4.9.3/../../../arm-none-eabi/lib/armv6-m/libc_nano.a(lib_a-exit.o)
                                        0x546 (size before relaxing)
 .debug_str     0x00000000000004c8       0xce /usr/lib/gcc/arm-none-eabi/4.9.3/../../../arm-none-eabi/lib/armv6-m/libc_nano.a(lib_a-fini.o)
                                        0x209 (size before relaxing)
 .debug_str     0x0000000000000596       0xe1 /usr/lib/gcc/arm-none-eabi/4.9.3/../../../arm-none-eabi/lib/armv6-m/libc_nano.a(lib_a-impure.o)
                                        0x57c (size before relaxing)
 .debug_str     0x0000000000000677       0x8a /usr/lib/gcc/arm-none-eabi/4.9.3/../../../arm-none-eabi/lib/armv6-m/libc_nano.a(lib_a-init.o)
                                        0x233 (size before relaxing)
 .debug_str     0x0000000000000701       0x9f /usr/lib/gcc/arm-none-eabi/4.9.3/../../../arm-none-eabi/lib/armv6-m/libc_nano.a(lib_a-memset.o)
                                        0x1d4 (size before relaxing)
 .debug_str     0x00000000000007a0       0xb4 /usr/lib/gcc/arm-none-eabi/4.9.3/../../../arm-none-eabi/lib/armv6-m/libc_nano.a(lib_a-__atexit.o)
                                        0x2b7 (size before relaxing)
 .debug_str     0x0000000000000854       0x56 /usr/lib/gcc/arm-none-eabi/4.9.3/../../../arm-none-eabi/lib/armv6-m/libc_nano.a(lib_a-__call_atexit.o)
                                        0x27d (size before relaxing)
 .debug_str     0x00000000000008aa       0xfd /usr/lib/gcc/arm-none-eabi/4.9.3/../../../arm-none-eabi/lib/armv6-m/libnosys.a(_exit.o)
                                        0x103 (size before relaxing)
 .debug_str     0x00000000000009a7    0x2ee17 _build/system_nrf51.o
                                      0x2ef98 (size before relaxing)
 .debug_str     0x000000000002f7be     0x6f46 _build/main.o
                                      0x35f4e (size before relaxing)
 .debug_str     0x0000000000036704      0x9f6 _build/nrf_drv_clock.o
                                      0x347a7 (size before relaxing)
 .debug_str     0x00000000000370fa       0xba _build/app_util_platform.o
                                      0x33860 (size before relaxing)
 .debug_str     0x00000000000371b4       0x59 _build/nrf_drv_common.o
                                      0x33dd0 (size before relaxing)
 .debug_str     0x000000000003720d      0x469 _build/nrf_drv_rtc.o
                                      0x3483c (size before relaxing)
 .debug_str     0x0000000000037676     0x120d _build/nrf_drv_twi.o
                                      0x3522f (size before relaxing)
 .debug_str     0x0000000000038883       0x49 /usr/lib/gcc/arm-none-eabi/4.9.3/../../../arm-none-eabi/lib/armv6-m/libc_nano.a(lib_a-memcpy.o)
                                        0x1e8 (size before relaxing)

.debug_frame    0x0000000000000000      0x7e8
 .debug_frame   0x0000000000000000       0x28 /usr/lib/gcc/arm-none-eabi/4.9.3/../../../arm-none-eabi/lib/armv6-m/libc_nano.a(lib_a-atexit.o)
 .debug_frame   0x0000000000000028       0x28 /usr/lib/gcc/arm-none-eabi/4.9.3/../../../arm-none-eabi/lib/armv6-m/libc_nano.a(lib_a-exit.o)
 .debug_frame   0x0000000000000050       0x2c /usr/lib/gcc/arm-none-eabi/4.9.3/../../../arm-none-eabi/lib/armv6-m/libc_nano.a(lib_a-fini.o)
 .debug_frame   0x000000000000007c       0x2c /usr/lib/gcc/arm-none-eabi/4.9.3/../../../arm-none-eabi/lib/armv6-m/libc_nano.a(lib_a-init.o)
 .debug_frame   0x00000000000000a8       0x20 /usr/lib/gcc/arm-none-eabi/4.9.3/../../../arm-none-eabi/lib/armv6-m/libc_nano.a(lib_a-memset.o)
 .debug_frame   0x00000000000000c8       0x34 /usr/lib/gcc/arm-none-eabi/4.9.3/../../../arm-none-eabi/lib/armv6-m/libc_nano.a(lib_a-__atexit.o)
 .debug_frame   0x00000000000000fc       0x30 /usr/lib/gcc/arm-none-eabi/4.9.3/../../../arm-none-eabi/lib/armv6-m/libc_nano.a(lib_a-__call_atexit.o)
 .debug_frame   0x000000000000012c       0x20 /usr/lib/gcc/arm-none-eabi/4.9.3/../../../arm-none-eabi/lib/armv6-m/libnosys.a(_exit.o)
 .debug_frame   0x000000000000014c       0x30 _build/system_nrf51.o
 .debug_frame   0x000000000000017c      0x19c _build/main.o
 .debug_frame   0x0000000000000318      0x10c _build/nrf_drv_clock.o
 .debug_frame   0x0000000000000424       0x50 _build/app_util_platform.o
 .debug_frame   0x0000000000000474       0x30 _build/nrf_drv_common.o
 .debug_frame   0x00000000000004a4      0x130 _build/nrf_drv_rtc.o
 .debug_frame   0x00000000000005d4      0x1ac _build/nrf_drv_twi.o
 .debug_frame   0x0000000000000780       0x20 /usr/lib/gcc/arm-none-eabi/4.9.3/armv6-m/libgcc.a(_udivsi3.o)
 .debug_frame   0x00000000000007a0       0x20 /usr/lib/gcc/arm-none-eabi/4.9.3/armv6-m/libgcc.a(_divsi3.o)
 .debug_frame   0x00000000000007c0       0x28 /usr/lib/gcc/arm-none-eabi/4.9.3/../../../arm-none-eabi/lib/armv6-m/libc_nano.a(lib_a-memcpy.o)

.debug_macro    0x0000000000000000     0xb555
 .debug_macro   0x0000000000000000       0xd0 _build/system_nrf51.o
 .debug_macro   0x00000000000000d0      0x83e _build/system_nrf51.o
 .debug_macro   0x000000000000090e       0x22 _build/system_nrf51.o
 .debug_macro   0x0000000000000930       0x44 _build/system_nrf51.o
 .debug_macro   0x0000000000000974       0xe3 _build/system_nrf51.o
 .debug_macro   0x0000000000000a57       0x22 _build/system_nrf51.o
 .debug_macro   0x0000000000000a79      0x1df _build/system_nrf51.o
 .debug_macro   0x0000000000000c58       0x22 _build/system_nrf51.o
 .debug_macro   0x0000000000000c7a       0x1c _build/system_nrf51.o
 .debug_macro   0x0000000000000c96       0x22 _build/system_nrf51.o
 .debug_macro   0x0000000000000cb8       0x3a _build/system_nrf51.o
 .debug_macro   0x0000000000000cf2       0x26 _build/system_nrf51.o
 .debug_macro   0x0000000000000d18      0x30d _build/system_nrf51.o
 .debug_macro   0x0000000000001025      0x1d2 _build/system_nrf51.o
 .debug_macro   0x00000000000011f7     0x745a _build/system_nrf51.o
 .debug_macro   0x0000000000008651      0x976 _build/system_nrf51.o
 .debug_macro   0x0000000000008fc7       0x1c _build/system_nrf51.o
 .debug_macro   0x0000000000008fe3      0x36a _build/main.o
 .debug_macro   0x000000000000934d      0x259 _build/main.o
 .debug_macro   0x00000000000095a6       0xb2 _build/main.o
 .debug_macro   0x0000000000009658       0x34 _build/main.o
 .debug_macro   0x000000000000968c      0x150 _build/main.o
 .debug_macro   0x00000000000097dc       0x10 _build/main.o
 .debug_macro   0x00000000000097ec       0x8e _build/main.o
 .debug_macro   0x000000000000987a       0x70 _build/main.o
 .debug_macro   0x00000000000098ea       0x58 _build/main.o
 .debug_macro   0x0000000000009942       0x35 _build/main.o
 .debug_macro   0x0000000000009977       0x9c _build/main.o
 .debug_macro   0x0000000000009a13       0x16 _build/main.o
 .debug_macro   0x0000000000009a29       0x97 _build/main.o
 .debug_macro   0x0000000000009ac0      0x29d _build/main.o
 .debug_macro   0x0000000000009d5d       0xef _build/main.o
 .debug_macro   0x0000000000009e4c       0x10 _build/main.o
 .debug_macro   0x0000000000009e5c       0x52 _build/main.o
 .debug_macro   0x0000000000009eae       0x16 _build/main.o
 .debug_macro   0x0000000000009ec4       0x43 _build/main.o
 .debug_macro   0x0000000000009f07      0x180 _build/main.o
 .debug_macro   0x000000000000a087       0x10 _build/main.o
 .debug_macro   0x000000000000a097       0x22 _build/main.o
 .debug_macro   0x000000000000a0b9       0xbe _build/main.o
 .debug_macro   0x000000000000a177       0x16 _build/main.o
 .debug_macro   0x000000000000a18d      0x197 _build/main.o
 .debug_macro   0x000000000000a324      0x11e _build/main.o
 .debug_macro   0x000000000000a442       0x52 _build/main.o
 .debug_macro   0x000000000000a494       0x67 _build/main.o
 .debug_macro   0x000000000000a4fb       0xbb _build/main.o
 .debug_macro   0x000000000000a5b6       0x2b _build/main.o
 .debug_macro   0x000000000000a5e1       0x10 _build/main.o
 .debug_macro   0x000000000000a5f1       0x10 _build/main.o
 .debug_macro   0x000000000000a601       0x22 _build/main.o
 .debug_macro   0x000000000000a623       0x16 _build/main.o
 .debug_macro   0x000000000000a639      0x2a3 _build/nrf_drv_clock.o
 .debug_macro   0x000000000000a8dc       0x5b _build/nrf_drv_clock.o
 .debug_macro   0x000000000000a937      0x225 _build/app_util_platform.o
 .debug_macro   0x000000000000ab5c       0x6d _build/app_util_platform.o
 .debug_macro   0x000000000000abc9      0x25a _build/nrf_drv_common.o
 .debug_macro   0x000000000000ae23      0x166 _build/nrf_drv_common.o
 .debug_macro   0x000000000000af89       0x35 _build/nrf_drv_common.o
 .debug_macro   0x000000000000afbe      0x27c _build/nrf_drv_rtc.o
 .debug_macro   0x000000000000b23a      0x2c5 _build/nrf_drv_twi.o
 .debug_macro   0x000000000000b4ff       0x56 _build/nrf_drv_twi.o
